src/orders/dto/create-order.dto.ts(2,10): error TS2305: Module '"@prisma/client"' has no exported member 'OrderSource'.
src/orders/orders.service.ts(93,25): error TS2353: Object literal may only specify known properties, and 'source' does not exist in type '(Without<OrderCreateInput, OrderUncheckedCreateInput> & OrderUncheckedCreateInput) | (Without<...> & OrderCreateInput)'.
